// Jest Snapshot v1, https://goo.gl/fbAQLP

exports[`field-array.vue should match the snapshot 1`] = `<!---->`;
